Archive member included to satisfy reference by file (symbol)

c:/users/ambro/downloads/stm32h750-discovery-buildenvironment-v13.03.00.00/stm32h750-discovery/thirdparty/gcc-arm-none-eabi/bin/../lib/gcc/arm-none-eabi/11.2.1/../../../../arm-none-eabi/lib/thumb/v7e-m+dp/hard\libm.a(lib_a-cosf.o)
                              ./Obj/ewextrte.o (cosf)
c:/users/ambro/downloads/stm32h750-discovery-buildenvironment-v13.03.00.00/stm32h750-discovery/thirdparty/gcc-arm-none-eabi/bin/../lib/gcc/arm-none-eabi/11.2.1/../../../../arm-none-eabi/lib/thumb/v7e-m+dp/hard\libm.a(lib_a-math_errf.o)
                              c:/users/ambro/downloads/stm32h750-discovery-buildenvironment-v13.03.00.00/stm32h750-discovery/thirdparty/gcc-arm-none-eabi/bin/../lib/gcc/arm-none-eabi/11.2.1/../../../../arm-none-eabi/lib/thumb/v7e-m+dp/hard\libm.a(lib_a-cosf.o) (__math_invalidf)
c:/users/ambro/downloads/stm32h750-discovery-buildenvironment-v13.03.00.00/stm32h750-discovery/thirdparty/gcc-arm-none-eabi/bin/../lib/gcc/arm-none-eabi/11.2.1/../../../../arm-none-eabi/lib/thumb/v7e-m+dp/hard\libm.a(lib_a-sf_atan.o)
                              ./Obj/ewextrte.o (atanf)
c:/users/ambro/downloads/stm32h750-discovery-buildenvironment-v13.03.00.00/stm32h750-discovery/thirdparty/gcc-arm-none-eabi/bin/../lib/gcc/arm-none-eabi/11.2.1/../../../../arm-none-eabi/lib/thumb/v7e-m+dp/hard\libm.a(lib_a-sf_exp.o)
                              ./Obj/ewextrte.o (expf)
c:/users/ambro/downloads/stm32h750-discovery-buildenvironment-v13.03.00.00/stm32h750-discovery/thirdparty/gcc-arm-none-eabi/bin/../lib/gcc/arm-none-eabi/11.2.1/../../../../arm-none-eabi/lib/thumb/v7e-m+dp/hard\libm.a(lib_a-sf_fabs.o)
                              c:/users/ambro/downloads/stm32h750-discovery-buildenvironment-v13.03.00.00/stm32h750-discovery/thirdparty/gcc-arm-none-eabi/bin/../lib/gcc/arm-none-eabi/11.2.1/../../../../arm-none-eabi/lib/thumb/v7e-m+dp/hard\libm.a(lib_a-sf_atan.o) (fabsf)
c:/users/ambro/downloads/stm32h750-discovery-buildenvironment-v13.03.00.00/stm32h750-discovery/thirdparty/gcc-arm-none-eabi/bin/../lib/gcc/arm-none-eabi/11.2.1/../../../../arm-none-eabi/lib/thumb/v7e-m+dp/hard\libm.a(lib_a-sf_log.o)
                              ./Obj/ewextrte.o (logf)
c:/users/ambro/downloads/stm32h750-discovery-buildenvironment-v13.03.00.00/stm32h750-discovery/thirdparty/gcc-arm-none-eabi/bin/../lib/gcc/arm-none-eabi/11.2.1/../../../../arm-none-eabi/lib/thumb/v7e-m+dp/hard\libm.a(lib_a-sf_pow.o)
                              ./Obj/ewextrte.o (powf)
c:/users/ambro/downloads/stm32h750-discovery-buildenvironment-v13.03.00.00/stm32h750-discovery/thirdparty/gcc-arm-none-eabi/bin/../lib/gcc/arm-none-eabi/11.2.1/../../../../arm-none-eabi/lib/thumb/v7e-m+dp/hard\libm.a(lib_a-sf_tan.o)
                              ./Obj/ewextrte.o (tanf)
c:/users/ambro/downloads/stm32h750-discovery-buildenvironment-v13.03.00.00/stm32h750-discovery/thirdparty/gcc-arm-none-eabi/bin/../lib/gcc/arm-none-eabi/11.2.1/../../../../arm-none-eabi/lib/thumb/v7e-m+dp/hard\libm.a(lib_a-sincosf_data.o)
                              c:/users/ambro/downloads/stm32h750-discovery-buildenvironment-v13.03.00.00/stm32h750-discovery/thirdparty/gcc-arm-none-eabi/bin/../lib/gcc/arm-none-eabi/11.2.1/../../../../arm-none-eabi/lib/thumb/v7e-m+dp/hard\libm.a(lib_a-cosf.o) (__inv_pio4)
c:/users/ambro/downloads/stm32h750-discovery-buildenvironment-v13.03.00.00/stm32h750-discovery/thirdparty/gcc-arm-none-eabi/bin/../lib/gcc/arm-none-eabi/11.2.1/../../../../arm-none-eabi/lib/thumb/v7e-m+dp/hard\libm.a(lib_a-sinf.o)
                              ./Obj/ewextrte.o (sinf)
c:/users/ambro/downloads/stm32h750-discovery-buildenvironment-v13.03.00.00/stm32h750-discovery/thirdparty/gcc-arm-none-eabi/bin/../lib/gcc/arm-none-eabi/11.2.1/../../../../arm-none-eabi/lib/thumb/v7e-m+dp/hard\libm.a(lib_a-wf_acos.o)
                              ./Obj/ewextrte.o (acosf)
c:/users/ambro/downloads/stm32h750-discovery-buildenvironment-v13.03.00.00/stm32h750-discovery/thirdparty/gcc-arm-none-eabi/bin/../lib/gcc/arm-none-eabi/11.2.1/../../../../arm-none-eabi/lib/thumb/v7e-m+dp/hard\libm.a(lib_a-wf_asin.o)
                              ./Obj/ewextrte.o (asinf)
c:/users/ambro/downloads/stm32h750-discovery-buildenvironment-v13.03.00.00/stm32h750-discovery/thirdparty/gcc-arm-none-eabi/bin/../lib/gcc/arm-none-eabi/11.2.1/../../../../arm-none-eabi/lib/thumb/v7e-m+dp/hard\libm.a(lib_a-wf_atan2.o)
                              ./Obj/ewextrte.o (atan2f)
c:/users/ambro/downloads/stm32h750-discovery-buildenvironment-v13.03.00.00/stm32h750-discovery/thirdparty/gcc-arm-none-eabi/bin/../lib/gcc/arm-none-eabi/11.2.1/../../../../arm-none-eabi/lib/thumb/v7e-m+dp/hard\libm.a(lib_a-wf_log10.o)
                              ./Obj/ewextrte.o (log10f)
c:/users/ambro/downloads/stm32h750-discovery-buildenvironment-v13.03.00.00/stm32h750-discovery/thirdparty/gcc-arm-none-eabi/bin/../lib/gcc/arm-none-eabi/11.2.1/../../../../arm-none-eabi/lib/thumb/v7e-m+dp/hard\libm.a(lib_a-wf_sqrt.o)
[...]
Memory Configuration

Name             Origin             Length             Attributes
FLASH            0x80000000         0x00020000         xr
DTCRAM           0x20000000         0x00020000         xrw
RAM              0x24000000         0x00080000         xrw
QSPI             0x90000000         0x08000000         xr
*default*        0x00000000         0xffffffff

Linker script and memory map

LOAD c:/users/ambro/downloads/stm32h750-discovery-buildenvironment-v13.03.00.00/stm32h750-discovery/thirdparty/gcc-arm-none-eabi/bin/../lib/gcc/arm-none-eabi/11.2.1/thumb/v7e-m+dp/hard/crti.o
LOAD c:/users/ambro/downloads/stm32h750-discovery-buildenvironment-v13.03.00.00/stm32h750-discovery/thirdparty/gcc-arm-none-eabi/bin/../lib/gcc/arm-none-eabi/11.2.1/thumb/v7e-m+dp/hard/crtbegin.o
LOAD c:/users/ambro/downloads/stm32h750-discovery-buildenvironment-v13.03.00.00/stm32h750-discovery/thirdparty/gcc-arm-none-eabi/bin/../lib/gcc/arm-none-eabi/11.2.1/../../../../arm-none-eabi/lib/thumb/v7e-m+dp/hard/crt0.o
LOAD C:\Users\ambro\AppData\Local\Temp\cc1pcAbN.o
LOAD ./Obj/main.o
LOAD ./Obj/ewmain.o
LOAD ./Obj/DeviceDriver.o
LOAD ./Obj/Core.o
LOAD ./Obj/Effects.o
LOAD ./Obj/Graphics.o
LOAD ./Obj/Resources.o
LOAD ./Obj/Views.o
LOAD ./Obj/Templates.o
LOAD ./Obj/Application.o
LOAD ./Obj/MyGame.o
LOAD ./Obj/WidgetSet.o
LOAD ./Obj/ewextrte.o
LOAD ./Obj/ewextgfx.o
LOAD ./Obj/ew_bsp_os.o
LOAD ./Obj/ew_bsp_system.o
LOAD ./Obj/ew_bsp_clock.o
LOAD ./Obj/ew_bsp_event.o
LOAD ./Obj/ew_bsp_display.o
LOAD ./Obj/ew_bsp_touch.o
LOAD ./Obj/ew_bsp_console.o
LOAD ./Obj/ew_bsp_inout.o
LOAD ./Obj/ew_bsp_graphics.o
LOAD ./Obj/stm32h7xx_it.o
LOAD ./Obj/system_stm32h7xx.o
LOAD ./Obj/stm32h7xx_hal.o
LOAD ./Obj/stm32h7xx_hal_rcc.o
LOAD ./Obj/stm32h7xx_hal_rcc_ex.o
LOAD ./Obj/stm32h7xx_hal_cortex.o
LOAD ./Obj/stm32h7xx_hal_gpio.o
LOAD ./Obj/stm32h7xx_hal_dma.o
LOAD ./Obj/stm32h7xx_hal_ltdc.o
LOAD ./Obj/stm32h7xx_hal_dma2d.o
LOAD ./Obj/stm32h7xx_hal_i2c.o
LOAD ./Obj/stm32h7xx_hal_i2c_ex.o
LOAD ./Obj/stm32h7xx_hal_spi.o
LOAD ./Obj/stm32h7xx_ll_fmc.o
LOAD ./Obj/stm32h7xx_hal_uart.o
LOAD ./Obj/stm32h7xx_hal_pwr_ex.o
LOAD ./Obj/stm32h7xx_hal_tim.o
LOAD ./Obj/stm32h7xx_hal_tim_ex.o
LOAD ./Obj/stm32h7xx_hal_rtc.o
LOAD ./Obj/stm32h7xx_hal_rtc_ex.o
LOAD ./Obj/stm32h7xx_hal_mdma.o
LOAD ./Obj/ft5336.o
LOAD ./Obj/ft5336_reg.o
LOAD ./Obj/stm32h750b_discovery.o
LOAD ./Obj/stm32h750b_discovery_ts.o
LOAD ./Obj/stm32h750b_discovery_bus.o
LOAD ./Obj/list.os
LOAD ./Obj/queue.os
LOAD ./Obj/tasks.os
LOAD ./Obj/timers.os
LOAD ./Obj/cmsis_os.os
LOAD ./Obj/heap_4.os
LOAD ./Obj/port.os
LOAD c:/users/ambro/downloads/stm32h750-discovery-buildenvironment-v13.03.00.00/stm32h750-discovery/thirdparty/gcc-arm-none-eabi/bin/../lib/gcc/arm-none-eabi/11.2.1/../../../../arm-none-eabi/lib/thumb/v7e-m+dp/hard\libm.a
LOAD c:/users/ambro/downloads/stm32h750-discovery-buildenvironment-v13.03.00.00/stm32h750-discovery/thirdparty/gcc-arm-none-eabi/bin/../lib/gcc/arm-none-eabi/11.2.1/../../../../arm-none-eabi/lib/thumb/v7e-m+dp/hard\libc.a
LOAD c:/users/ambro/downloads/stm32h750-discovery-buildenvironment-v13.03.00.00/stm32h750-discovery/thirdparty/gcc-arm-none-eabi/bin/../lib/gcc/arm-none-eabi/11.2.1/../../../../arm-none-eabi/lib/thumb/v7e-m+dp/hard\libnosys.a
LOAD ../../../PlatformPackage/RGB565\libewgfx-m7-gcc.a
LOAD ../../../PlatformPackage/RTE\libewrte-m7-gcc.a
START GROUP
LOAD c:/users/ambro/downloads/stm32h750-discovery-buildenvironment-v13.03.00.00/stm32h750-discovery/thirdparty/gcc-arm-none-eabi/bin/../lib/gcc/arm-none-eabi/11.2.1/thumb/v7e-m+dp/hard\libgcc.a
LOAD c:/users/ambro/downloads/stm32h750-discovery-buildenvironment-v13.03.00.00/stm32h750-discovery/thirdparty/gcc-arm-none-eabi/bin/../lib/gcc/arm-none-eabi/11.2.1/../../../../arm-none-eabi/lib/thumb/v7e-m+dp/hard\libc.a
END GROUP
LOAD c:/users/ambro/downloads/stm32h750-discovery-buildenvironment-v13.03.00.00/stm32h750-discovery/thirdparty/gcc-arm-none-eabi/bin/../lib/gcc/arm-none-eabi/11.2.1/thumb/v7e-m+dp/hard/crtend.o
LOAD c:/users/ambro/downloads/stm32h750-discovery-buildenvironment-v13.03.00.00/stm32h750-discovery/thirdparty/gcc-arm-none-eabi/bin/../lib/gcc/arm-none-eabi/11.2.1/thumb/v7e-m+dp/hard/crtn.o
                0x2001fff0                _estack = 0x2001fff0
                0x00000200                _Min_Heap_Size = 0x200
                0x00002000                _Min_Stack_Size = 0x2000

.isr_vector     0x90000000      0x298
                0x90000000                . = ALIGN (0x4)
 *(.isr_vector)
 .isr_vector    0x90000000      0x298 C:\Users\ambro\AppData\Local\Temp\cc1pcAbN.o
                0x90000000                g_pfnVectors
                0x90000298                . = ALIGN (0x4)

.SectionEwResource
                0x90000298    0xd0240
                0x90000298                . = ALIGN (0x4)
 *(.SectionEwResource)
 .SectionEwResource
                0x90000298      0x134 ./Obj/Core.o
 .SectionEwResource
                0x900003cc      0x18c ./Obj/Graphics.o
 .SectionEwResource
                0x90000558     0x778c ./Obj/Resources.o
                0x90000558                _kv_ResourcesFontLarge
                0x9000055c                _kc_ResourcesFontLarge
                0x90000560                ____ResourcesFontLarge
                0x90004260                ___ResourcesFontLarge
                0x90004e70                _kv_ResourcesFontMedium
                0x90004e74                _kc_ResourcesFontMedium
                0x90004e78                ____ResourcesFontMedium
                0x9000707c                ___ResourcesFontMedium
 .SectionEwResource
                0x90007ce4       0x18 ./Obj/Views.o
 .SectionEwResource
                0x90007cfc    0xc87dc ./Obj/MyGame.o
                0x90007cfc                _cl_MyGameMenuDefault
                0x90007d00                _cp_MyGameMenuDefault
                0x9007c944                _cl_MyGameZombieDefault
                0x9007c948                _cp_MyGameZombieDefault
                0x9007dc54                _cl_MyGamePlayerDefault
                0x9007dc58                _cp_MyGamePlayerDefault
                0x9007f400                _cl_MyGameGroundDefault
                0x9007f404                _cp_MyGameGroundDefault
                0x900cda34                _cl_MyGameLcdNumbersDefault
                0x900cda38                _cp_MyGameLcdNumbersDefault
                0x900ce500                _cl_MyGameBulletDefault
                0x900ce504                _cp_MyGameBulletDefault
                0x900ce6e8                _kv_MyGameDescrFont
                0x900ce6ec                _kc_MyGameDescrFont
                0x900ce6f0                ____MyGameDescrFont
                0x900cf868                ___MyGameDescrFont
                0x900d04d8                . = ALIGN (0x4)

.text           0x900d04e0    0x3e720
                0x900d04e0                . = ALIGN (0x4)
 *(.text)
 .text          0x900d04e0      0x134 c:/users/ambro/downloads/stm32h750-discovery-buildenvironment-v13.03.00.00/stm32h750-discovery/thirdparty/gcc-arm-none-eabi/bin/../lib/gcc/arm-none-eabi/11.2.1/../../../../arm-none-eabi/lib/thumb/v7e-m+dp/hard\libc.a(lib_a-memcpy.o)
                0x900d04e0                memcpy
 .text          0x900d0614     0x93ac ../../../PlatformPackage/RGB565\libewgfx-m7-gcc.a(ewextpxl_RGB565.o)
                0x900d0614                EwCreateNativeSurface
                0x900d0680                EwCreateConstNativeSurface
                0x900d0700                EwDestroyNativeSurface
                0x900d0730                EwGetNativeSurfaceMemory
                0x900d0762                EwGetNativeSurfaceMemSize
                0x900d076a                EwCreateScreenSurface
                0x900d07d4                EwDestroyScreenSurface
                0x900d07f4                EwGetScreenSurfaceMemory
                0x900d081a                EwGetScreenSurfaceMemSize
                0x900d0820                EwCreateConstRGB565Surface
                0x900d089c                EwCreateRGB565Surface
                0x900d0904                EwDestroyRGB565Surface
                0x900d0930                EwGetRGB565SurfaceMemory
                0x900d0962                EwGetRGB565SurfaceMemSize
                0x900d096a                EwPackColor
                0x900d0978                EwPackClutEntry
                0x900d0986                EwSetPixelSolid
                0x900d09ba                EwSetPixelSolidBlend
                0x900d0a6c                EwFillRowSolid
                0x900d0aa2                EwFillRowSolidBlend
                0x900d0b5c                EwFillRowGradient
                0x900d0bb6                EwFillRowGradientBlend
                0x900d0c98                EwCopyNativeRow
                0x900d0cb0                EwCopyNativeRowBlend
                0x900d0d44                EwCopyNativeRowSolid
                0x900d0d70                EwCopyNativeRowSolidBlend
                0x900d0e10                EwCopyNativeRowGradient
                0x900d0e40                EwCopyNativeRowGradientBlend
                0x900d0ef4                EwCopyIndex8Row
                0x900d0f14                EwCopyIndex8RowBlend
                0x900d0fb8                EwCopyIndex8RowSolid
                0x900d0fec                EwCopyIndex8RowSolidBlend
                0x900d10a0                EwCopyIndex8RowGradient
                0x900d10da                EwCopyIndex8RowGradientBlend
                0x900d1198                EwCopyAlpha8RowSolid
                0x900d11ec                EwCopyAlpha8RowSolidBlend
                0x900d12c8                EwCopyAlpha8RowGradient
                0x900d134c                EwCopyAlpha8RowGradientBlend
                0x900d1450                EwCopyRGB565Row
                0x900d1492                EwCopyRGB565RowSolid
                0x900d14e4                EwCopyRGB565RowSolidBlend
                0x900d15b4                EwCopyRGB565RowGradient
                0x900d1610                EwCopyRGB565RowGradientBlend
                0x900d16ec                EwWarpNativeRow
                0x900d1730                EwWarpNativeRowFilter
                0x900d1820                EwWarpNativeRowBlend
                0x900d18e4                EwWarpNativeRowFilterBlend
                0x900d1a54                EwWarpNativeRowGradient
                0x900d1b16                EwWarpNativeRowFilterGradient
                0x900d1c8c                EwWarpNativeRowGradientBlend
                0x900d1dc4                EwWarpNativeRowFilterGradientBlend
                0x900d1fa0                EwWarpIndex8Row
                0x900d1fe2                EwWarpIndex8RowFilter
                0x900d20e6                EwWarpIndex8RowBlend
                0x900d21ac                EwWarpIndex8RowFilterBlend
                0x900d232c                EwWarpIndex8RowGradient
                0x900d23fa                EwWarpIndex8RowFilterGradient
                0x900d257c                EwWarpIndex8RowGradientBlend
                0x900d26c0                EwWarpIndex8RowFilterGradientBlend
                0x900d28a8                EwWarpAlpha8RowGradient
                0x900d2a24                EwWarpAlpha8RowFilterGradient
                0x900d2bee                EwWarpAlpha8RowGradientBlend
                0x900d2de8                EwWarpAlpha8RowFilterGradientBlend
                0x900d3034                EwWarpRGB565Row
                0x900d30a2                EwWarpRGB565RowFilter
                0x900d31b8                EwWarpRGB565RowGradient
                0x900d32aa                EwWarpRGB565RowFilterGradient
                0x900d343c                EwWarpRGB565RowGradientBlend
                0x900d35ac                EwWarpRGB565RowFilterGradientBlend
                0x900d37b4                EwScreenSetPixelSolid
                0x900d3818                EwScreenSetPixelSolidBlend
                0x900d389c                EwScreenFillRowSolid
                0x900d3924                EwScreenFillRowSolidBlend
                0x900d39b0                EwScreenFillRowGradient
                0x900d3a3a                EwScreenFillRowGradientBlend
                0x900d3aea                EwScreenCopyNativeRow
                0x900d3b30                EwScreenCopyNativeRowBlend
                0x900d3ba0                EwScreenCopyNativeRowSolid
                0x900d3bee                EwScreenCopyNativeRowSolidBlend
                0x900d3c64                EwScreenCopyNativeRowGradient
                0x900d3cb8                EwScreenCopyNativeRowGradientBlend
                0x900d3d30                EwScreenCopyIndex8Row
                0x900d3d7e                EwScreenCopyIndex8RowBlend
                0x900d3df0                EwScreenCopyIndex8RowSolid
                0x900d3e48                EwScreenCopyIndex8RowSolidBlend
                0x900d3ec8                EwScreenCopyIndex8RowGradient
                0x900d3f2e                EwScreenCopyIndex8RowGradientBlend
                0x900d3fb4                EwScreenCopyAlpha8RowSolid
                0x900d4048                EwScreenCopyAlpha8RowSolidBlend
                0x900d40f8                EwScreenCopyAlpha8RowGradient
                0x900d41b8                EwScreenCopyAlpha8RowGradientBlend
                0x900d4298                EwScreenCopyRGB565Row
                0x900d42b0                EwScreenCopyRGB565RowSolid
                0x900d42ec                EwScreenCopyRGB565RowSolidBlend
                0x900d433c                EwScreenCopyRGB565RowGradient
                0x900d4380                EwScreenCopyRGB565RowGradientBlend
                0x900d43de                EwScreenWarpNativeRow
                0x900d445c                EwScreenWarpNativeRowFilter
                0x900d457a                EwScreenWarpNativeRowBlend
                0x900d460a                EwScreenWarpNativeRowFilterBlend
                0x900d474a                EwScreenWarpNativeRowGradient
                0x900d484e                EwScreenWarpNativeRowFilterGradient
                0x900d49f6                EwScreenWarpNativeRowGradientBlend
                0x900d4b1c                EwScreenWarpNativeRowFilterGradientBlend
                0x900d4ce2                EwScreenWarpIndex8Row
                0x900d4d5a                EwScreenWarpIndex8RowFilter
                0x900d4e8c                EwScreenWarpIndex8RowBlend
                0x900d4f20                EwScreenWarpIndex8RowFilterBlend
                0x900d5070                EwScreenWarpIndex8RowGradient
                0x900d517c                EwScreenWarpIndex8RowFilterGradient
                0x900d5330                EwScreenWarpIndex8RowGradientBlend
                0x900d5460                EwScreenWarpIndex8RowFilterGradientBlend
                0x900d5632                EwScreenWarpAlpha8RowGradient
                0x900d580e                EwScreenWarpAlpha8RowFilterGradient
                0x900d5a36                EwScreenWarpAlpha8RowGradientBlend
                0x900d5c26                EwScreenWarpAlpha8RowFilterGradientBlend
                0x900d5e64                EwScreenWarpRGB565Row
                0x900d5ea8                EwScreenWarpRGB565RowFilter
                0x900d5f8c                EwScreenWarpRGB565RowGradient
                0x900d607a                EwScreenWarpRGB565RowFilterGradient
                0x900d6214                EwScreenWarpRGB565RowGradientBlend
                0x900d631a                EwScreenWarpRGB565RowFilterGradientBlend
                0x900d64c8                EwWarpNativeRowSolid
                0x900d64cc                EwWarpNativeRowSolidBlend
                0x900d64d0                EwWarpNativeRowFilterSolid
                0x900d64d4                EwWarpNativeRowFilterSolidBlend
                0x900d64d8                EwWarpIndex8RowSolid
                0x900d64dc                EwWarpIndex8RowSolidBlend
                0x900d64e0                EwWarpIndex8RowFilterSolid
                0x900d64e4                EwWarpIndex8RowFilterSolidBlend
                0x900d64e8                EwWarpAlpha8RowSolid
                0x900d64ec                EwWarpAlpha8RowSolidBlend
                0x900d64f0                EwWarpAlpha8RowFilterSolid
                0x900d64f4                EwWarpAlpha8RowFilterSolidBlend
                0x900d64f8                EwWarpRGB565RowSolid
                0x900d64fc                EwWarpRGB565RowSolidBlend
                0x900d6500                EwWarpRGB565RowFilterSolid
                0x900d6504                EwWarpRGB565RowFilterSolidBlend
                0x900d6508                EwScreenWarpNativeRowSolid
                0x900d650c                EwScreenWarpNativeRowSolidBlend
                0x900d6510                EwScreenWarpNativeRowFilterSolid
                0x900d6514                EwScreenWarpNativeRowFilterSolidBlend
                0x900d6518                EwScreenWarpIndex8RowSolid
                0x900d651c                EwScreenWarpIndex8RowSolidBlend
                0x900d6520                EwScreenWarpIndex8RowFilterSolid
                0x900d6524                EwScreenWarpIndex8RowFilterSolidBlend
                0x900d6528                EwScreenWarpAlpha8RowSolid
                0x900d652c                EwScreenWarpAlpha8RowSolidBlend
                0x900d6530                EwScreenWarpAlpha8RowFilterSolid
                0x900d6534                EwScreenWarpAlpha8RowFilterSolidBlend
                0x900d6538                EwScreenWarpRGB565RowSolid
                0x900d653c                EwScreenWarpRGB565RowSolidBlend
                0x900d6540                EwScreenWarpRGB565RowFilterSolid
                0x900d6544                EwScreenWarpRGB565RowFilterSolidBlend
                0x900d6548                EwFilterNative
                0x900d6610                EwFilterNativeMask
                0x900d66e0                EwFilterNativeTintByOpacity
                0x900d6808                EwFilterNativeTintByLuminance
                0x900d6990                EwFilterNativeMaskTintByOpacity
                0x900d6ad4                EwFilterNativeMaskTintByLuminance
                0x900d6c90                EwFilterIndex8Mask
                0x900d6d64                EwFilterIndex8TintByOpacity
                0x900d6ea8                EwFilterIndex8TintByLuminance
                0x900d7038                EwFilterIndex8MaskTintByOpacity
                0x900d7198                EwFilterIndex8MaskTintByLuminance
                0x900d7364                EwFilterAlpha8Mask
                0x900d7366                EwFilterAlpha8TintByOpacity
                0x900d749c                EwFilterAlpha8TintByLuminance
                0x900d749e                EwFilterAlpha8MaskTintByOpacity
                0x900d75ec                EwFilterAlpha8MaskTintByLuminance
                0x900d75ee                EwFilterRGB565Mask
                0x900d7710                EwFilterRGB565TintByOpacity
                0x900d7712                EwFilterRGB565TintByLuminance
                0x900d78b8                EwFilterRGB565MaskTintByOpacity
                0x900d78ba                EwFilterRGB565MaskTintByLuminance
                0x900d7aa0                EwScreenFilterNative
                0x900d7b6c                EwScreenFilterNativeMask
                0x900d7c3c                EwScreenFilterNativeTintByOpacity
                0x900d7d6c                EwScreenFilterNativeTintByLuminance
                0x900d7f00                EwScreenFilterNativeMaskTintByOpacity
                0x900d804c                EwScreenFilterNativeMaskTintByLuminance
                0x900d8200                EwScreenFilterIndex8Mask
                0x900d82e0                EwScreenFilterIndex8TintByOpacity
                0x900d842c                EwScreenFilterIndex8TintByLuminance
                0x900d85c8                EwScreenFilterIndex8MaskTintByOpacity
                0x900d872c                EwScreenFilterIndex8MaskTintByLuminance
                0x900d88f0                EwScreenFilterAlpha8Mask
                0x900d88f2                EwScreenFilterAlpha8TintByOpacity
                0x900d8a38                EwScreenFilterAlpha8TintByLuminance
                0x900d8a3a                EwScreenFilterAlpha8MaskTintByOpacity
                0x900d8b90                EwScreenFilterAlpha8MaskTintByLuminance
                0x900d8b92                EwScreenFilterRGB565Mask
                0x900d8c2c                EwScreenFilterRGB565TintByOpacity
                0x900d8c2e                EwScreenFilterRGB565TintByLuminance
                0x900d8ddc                EwScreenFilterRGB565MaskTintByOpacity
                0x900d8dde                EwScreenFilterRGB565MaskTintByLuminance
                0x900d8fc4                EwFilterNativeBlur
                0x900d9244                EwFilterIndex8Blur
                0x900d9444                EwAlpha8FilterAlpha8Blur
                0x900d9518                EwFilterRGB565Blur
                0x900d96e4                EwScreenFilterNativeBlur
                0x900d99a0                EwGetColorFormatSpecificInfo
 .text          0x900d99c0     0xb304 ../../../PlatformPackage/RGB565\libewgfx-m7-gcc.a(ewgfx.o)
                0x900db63e                EwGetGraphicsEngineInfo
                0x900db6c0                EwEnableGfxTaskTracing
                0x900db6d0                EwFreeBitmap
                0x900db75c                EwDoneGraphicsEngine
                0x900db7c4                EwCreateBitmap
                0x900db87c                EwCreateBitmapWrapped
                0x900db930                EwLoadBitmap
                0x900dbd28                EwLockBitmap
                0x900dbe8c                EwUnlockBitmap
                0x900dbee4                EwInitGraphicsEngine
                0x900dc0a4                EwModifyBitmapPalette
                0x900dc1b4                EwFlushBitmap
                0x900dc204                EwGetFontResource
                0x900dc298                EwLoadFont
                0x900dc398                EwFreeFont
                0x900dc3ec                EwInitViewport
                0x900dc554                EwBeginUpdate
                0x900dc624                EwBeginUpdateArea
                0x900dc74c                EwFillRectangle
                0x900dc960                EwDrawBorder
                0x900dcb3a                EwCreatePath
                0x900dcbec                EwGetSVGParserStatus
                0x900dcbf8                EwGetSVGParserErrorPos
                0x900dcc04                EwFreePath
                0x900dccb0                EwGetMaxNoOfSubPaths
                0x900dccec                EwInitSubPath
                0x900dce08                EwBeginSubPath
                0x900dceec                EwAddSubPathLine
                0x900dcff0                EwAddSubPathBezier2
                0x900dd194                EwAddSubPathBezier3
                0x900dd374                EwAddSubPathArc
                0x900dd57c                EwAddSubPathCopy
                0x900dd718                EwCloseSubPath
                0x900dd7e8                EwShiftSubPathNodes
                0x900dd8dc                EwSetSubPathNode
                0x900dd9f8                EwGetSubPathNodeX
                0x900dda60                EwGetSubPathNodeY
                0x900ddac8                EwSetNoOfSubPathEdges
                0x900ddb64                EwGetNoOfSubPathEdges
                0x900ddbb4                EwGetNoOfFreeSubPathEdges
                0x900ddc70                EwIsSubPathClosed
                0x900ddcc8                EwGetSubPathBounds
                0x900ddd44                EwGetPathBounds
                0x900ddda4                EwTranslatePathMatrix
                0x900dde1c                EwScalePathMatrix
                0x900dde94                EwRotatePathMatrix
                0x900ddf2c                EwPushPathMatrix
                0x900ddfdc                EwPopPathMatrix
                0x900de05c                EwCreatePathFromSVGString
                0x900dee6a                EwInitPathMatrix
                0x900deeb4                EwFillPath
                0x900df278                EwStrokePath
                0x900df870                EwGetBitmapFromFillPath
                0x900df954                EwGetBitmapFromStrokePath
                0x900dfa58                EwGetBlurredBitmapFromFillPath
                0x900dfb44                EwGetBlurredBitmapFromStrokePath
                0x900dfc68                EwCopyBitmap
                0x900e001a                EwEndUpdate
                0x900e037e                EwDoneViewport
                0x900e03f4                EwConfigViewport
                0x900e0458                EwFillRoundedRectangle
                0x900e0a3a                EwDrawRoundedBorder
                0x900e126e                EwTileBitmap
                0x900e15c6                EwDrawRoundedShadow
                0x900e1cf8                EwWarpBitmap
                0x900e23d2                EwAdjustFilterBlurRadius
                0x900e23de                EwFilterBitmap
                0x900e2b1c                EwDrawLine
                0x900e2d00                EwGetTextExtent
                0x900e2f10                EwGetTextAdvance
                0x900e3078                EwDrawText
                0x900e381c                EwGetTextColumnAtPosition
                0x900e3a10                EwGetPositionAtTextColumn
                0x900e3bf4                EwIsGlyphAvailable
                0x900e3c70                EwGetGlyphId
                0x900e3cec                EwGetGlyphMetrics
                0x900e3d6c                EwGetKerning
                0x900e3dc8                EwDrawBitmapFrame
                0x900e4b24                EwIndexToColor
                0x900e4b2c                EwColorToIndex
                0x900e4b34                EwAllocUserColor
                0x900e4b3c                EwFreeUserColor
                0x900e4b3e                EwSetUserColor
                0x900e4b44                EwFindUserColor
                0x900e4b4c                EwGetOverlayArea
                0x900e4bdc                EwCanDiscardSurface
 .text          0x900e4cc4     0x340c ../../../PlatformPackage/RGB565\libewgfx-m7-gcc.a(ewgfxattrtext.o)
                0x900e4fbc                EwInitAttrText
                0x900e4fc0                EwParseFlowString
                0x900e5776                EwGetFlowTextAdvance
                0x900e57f8                EwCreateAttrSet
                0x900e58ec                EwFreeAttrSet
                0x900e595c                EwGetNoOfAttrFonts
                0x900e5998                EwGetNoOfAttrBitmaps
                0x900e59d4                EwGetNoOfAttrColors
                0x900e5a10                EwGetAttrFont
                0x900e5a60                EwGetAttrBitmap
                0x900e71e4                EwGetAttrColor
                0x900e78ec                EwSetAttrFont
                0x900e7938                EwSetAttrBitmap
                0x900e7984                EwSetAttrColor
                0x900e79d4                EwParseAttrString
                0x900e7c48                EwFreeAttrString
                0x900e7cc4                EwDrawAttrText
                0x900e7df4                EwGetAttrTextSize
                0x900e7e98                EwIsAttrTextRTL
                0x900e7edc                EwGetNoOfAttrLinks
                0x900e7f18                EwGetAttrLinkName
                0x900e7f70                EwGetNoOfAttrLinkRegions
                0x900e7fc0                EwGetAttrLinkRect
                0x900e8060                EwGetAttrLinkBaseline
 .text          0x900e80d0     0x17e8 ../../../PlatformPackage/RGB565\libewgfx-m7-gcc.a(ewgfxbidi.o)
                0x900e81d0                EwInitBidi
                0x900e81d4                EwCreateBidi
                0x900e827c                EwFreeBidi
                0x900e82d4                EwBidiIsNeeded
                0x900e8318                EwBidiIsRTL
                0x900e835c                EwBidiGetCharLevel
                0x900e83b0                EwBidiInit
                0x900e8548                EwBidiProcess
                0x900e8fdc                EwBidiApplyShaping
                0x900e9380                EwBidiMirrorGlyphs
                0x900e93f0                EwBidiCompleteRow
                0x900e947c                EwBidiReorderChars
                0x900e9580                EwBidiReorderDWords
                0x900e9688                EwBidiReorderIndex
                0x900e9758                EwBidiReverseReorderIndex
                0x900e9850                EwBidiGetTypesAndLevels
 .text          0x900e98b8     0x14e4 ../../../PlatformPackage/RGB565\libewgfx-m7-gcc.a(ewgfxcore.o)
                0x900e9e94                EwDoneGfxCore
                0x900e9f44                EwCreateSurface
                0x900ea080                EwInitGfxCore
                0x900ea274                EwCreateConstSurface
                0x900ea388                EwCreateSurfaceWrapped
                0x900ea410                EwFindSurface
                0x900ea490                EwSetSurfaceCacheTags
                0x900ea498                EwFreeSurface
                0x900ea4cc                EwUnlockSurface
                0x900ea600                EwCreateGlyph
                0x900ea6d8                EwMapGlyph
                0x900ea8d8                EwFindGlyph
                0x900ea91c                EwFreeGlyph
                0x900ea924                EwDiscardGlyph
                0x900ea92e                EwUnlockGlyphCache
                0x900ea940                EwInitIssue
                0x900eaa14                EwAllocTask
                0x900eaa52                EwAllocTasks
                0x900eaa86                EwAllocTaskData
                0x900eaaba                EwFreeTaskData
                0x900eaacc                EwFlushTasks
                0x900eab64                EwDoneIssue
                0x900eabb8                EwWaitForSurface
                0x900eabfc                EwLockSurface
                0x900ead5e                EwLockGlyphCache
                0x900ead90                EwCleanSurfaceCache
 .text          0x900ead9c     0x2e48 ../../../PlatformPackage/RGB565\libewgfx-m7-gcc.a(ewgfxdriver.o)
                0x900eb7ba                EwDestroyIndex8Surface
                0x900eb7e8                EwGetIndex8SurfaceMemory
                0x900eb81e                EwGetIndex8SurfaceMemSize
                0x900eb826                EwDestroyAlpha8Surface
                0x900eb850                EwGetAlpha8SurfaceMemory
                0x900eb87e                EwGetAlpha8SurfaceMemSize
                0x900eb884                EwInitSingleColorGradient
                0x900eb8cc                EwInitColorGradient
                0x900eba08                EwInitOpacityGradient
                0x900ebaa4                EwGetColorFromGradient
                0x900ebb74                EwGetOpacityFromGradient
                0x900ebbc8                EwRasterAlpha8Polygon
                0x900ebcf4                EwEmulateLine
                0x900ebdd0                EwEmulateFill
                0x900ebf72                EwEmulateCopy
                0x900ec160                EwEmulateWarp
                0x900ecb64                EwEmulateMaskTintFilter
                0x900ecdda                EwEmulateBlurFilter
                0x900ecec2                EwEmulateMaskTintBlurFilter
                0x900ed290                EwEmulateBlurMaskTintFilter
                0x900ed668                EwEmulateFillPolygon
                0x900ed9f4                EwAllocVideo
                0x900eda18                EwCreateIndex8Surface
                0x900eda84                EwCreateConstIndex8Surface
                0x900edb04                EwCreateAlpha8Surface
                0x900edb68                EwCreateConstAlpha8Surface
                0x900edbe0                EwFreeVideo
 .text          0x900edbe4     0x2808 ../../../PlatformPackage/RGB565\libewgfx-m7-gcc.a(ewgfxtasks.o)
                0x900edf56                EwGfxTasksInit
                0x900edf5a                EwReorderTasks
                0x900ee1bc                EwReverseTasks
                0x900ee1d0                EwEliminateTasks
                0x900ee4a2                EwExecuteTasks
                0x900f02f8                EwCompleteTasks
                0x900f0398                EwCountTasks
                0x900f03dc                EwTraceTasks
 .text          0x900f03ec      0x30c ../../../PlatformPackage/RGB565\libewgfx-m7-gcc.a(ewextbmp_RGB565.o)
                0x900f03ec                EwBmpInit
                0x900f0410                EwBmpDone
                0x900f0412                EwBmpOpen
                0x900f04ac                EwBmpClose
                0x900f04ae                EwBmpGetMetrics
                0x900f050c                EwBmpGetFrameMetrics
                0x900f053c                EwBmpGetFrameMemory
                0x900f05c4                EwBmpLoadFrame
                0x900f065c                EwBmpLoadClut
                0x900f06d8                EwBmpLoadMappingTable
 .text          0x900f06f8      0x768 ../../../PlatformPackage/RGB565\libewgfx-m7-gcc.a(ewextfnt.o)
                0x900f0774                EwFntInit
                0x900f0778                EwFntDone
                0x900f077a                EwFntGetResource
                0x900f077e                EwFntOpen
                0x900f07a0                EwFntClose
                0x900f07a2                EwFntGetResourceName
                0x900f07a8                EwFntGetMetrics
                0x900f07ba                EwFntGetGlyphMetrics
                0x900f0868                EwFntGetKerning
                0x900f0924                EwFntIsGlyphAvailable
                0x900f093a                EwFntGetGlyphId
                0x900f0966                EwFntInitShaper
                0x900f096a                EwFntDoneShaper
                0x900f096c                EwFntResetShaper
                0x900f096e                EwFntSaveShaper
                0x900f0970                EwFntRestoreShaper
                0x900f0972                EwFntShapeCluster
                0x900f0a14                EwFntLoadGlyph
 .text          0x900f0e60      0x350 ../../../PlatformPackage/RTE\libewrte-m7-gcc.a(ewcolor.o)
                0x900f0e60                EwNewColor
                0x900f0e7a                EwMinusColor
                0x900f0ed8                EwPlusColor
                0x900f0f3e                EwBlendColor
                0x900f0fd2                EwBlendColorInt
                0x900f1024                EwBlendColorUInt
                0x900f1078                EwSetColorRed
                0x900f10a4                EwSetColorGreen
                0x900f10d0                EwSetColorBlue
                0x900f10fc                EwSetColorAlpha
                0x900f1128                EwCompColor
                0x900f1164                EwIsColorNull
                0x900f1182                EwGetVariantOfColor
 .text          0x900f11b0      0x910 ../../../PlatformPackage/RTE\libewrte-m7-gcc.a(ewdebug.o)
                0x900f11b0                EwGetRuntimeEnvironmentInfo
                0x900f11c0                EwPrint
                0x900f1632                EwThrow
                0x900f1648                EwError
                0x900f1654                EwTrace
                0x900f1a64                EwErrorS
                0x900f1a74                EwErrorSD
                0x900f1a84                EwErrorPD
                0x900f1a94                EwErrorDD
                0x900f1aa4                EwErrorPDS
 .text          0x900f1ac0      0xab0 ../../../PlatformPackage/RTE\libewrte-m7-gcc.a(ewheap.o)
                0x900f1ac0                EwInitHeap
                0x900f1b14                EwDoneHeap
                0x900f1b60                EwAddHeapMemoryPool
                0x900f1c08                EwGetHeapInfo
                0x900f1d0c                EwDumpHeap
                0x900f1e6c                EwVerifyHeap
                0x900f2098                EwAllocHeapBlock
                0x900f2294                EwFreeHeapBlock
                0x900f2550                EwIsHeapPtr
 .text          0x900f2570      0x498 ../../../PlatformPackage/RTE\libewrte-m7-gcc.a(ewinvocations.o)
                0x900f2598                EwInitInvocations
                0x900f2638                EwDoneInvocations
                0x900f2680                EwInvoke
                0x900f2710                EwInvokeCopy
                0x900f280c                EwProcessInvocations
 .text          0x900f2a08      0x9ac ../../../PlatformPackage/RTE\libewrte-m7-gcc.a(ewobject.o)
                0x900f2a08                XObject__Init
                0x900f2a14                XObject__ReInit
                0x900f2a16                XObject__Done
                0x900f2a18                EwSetStackAddressArea
                0x900f2a30                EwNewObjectIndirect
                0x900f2adc                EwAttachObjectVariant
                0x900f2b98                EwDetachObjectVariant
                0x900f2bec                EwGetAutoObject
                0x900f2cd4                EwCastObject
                0x900f2d2c                EwCastClass
                0x900f2d74                EwClassOf
                0x900f2d7a                EwLockObject
                0x900f2df0                EwUnlockObject
                0x900f2e6c                EwSetAppRootObject
                0x900f2e78                EwGetAppRootObject
                0x900f2e84                EwReclaimMemory
                0x900f3160                EwImmediateReclaimMemory
                0x900f3164                EwTestImmediateReclaimMemory
                0x900f3168                EwReconstructObjects
                0x900f31b4                EwPrintProfilerStatistic
 .text          0x900f33b4       0xec ../../../PlatformPackage/RTE\libewrte-m7-gcc.a(ewpoint.o)
                0x900f33b4                EwNewPoint
                0x900f33ba                EwCompPoint
                0x900f33e2                EwIsPointNull
                0x900f33f8                EwMovePointNeg
                0x900f341c                EwMovePointPos
                0x900f3442                EwNegPoint
                0x900f3458                EwSetPointX
                0x900f3470                EwSetPointY
                0x900f3488                EwGetVariantOfPoint
 .text          0x900f34a0      0x574 ../../../PlatformPackage/RTE\libewrte-m7-gcc.a(ewrect.o)
                0x900f34a0                EwNewRect
                0x900f34ae                EwNewRect2Point
                0x900f34de                EwCompRect
                0x900f350e                EwIsRectNull
                0x900f352e                EwIsPointInRect
                0x900f355c                EwIsRectEmpty
                0x900f357c                EwInflateRect
                0x900f35a8                EwIntersectRect
                0x900f361a                EwUnionRect
                0x900f36a8                EwIntersectRect2
                0x900f3736                EwMoveRectNeg
                0x900f3762                EwMoveRectPos
                0x900f3790                EwGetRectH
                0x900f37a0                EwGetRectW
                0x900f37b2                EwGetRectArea
                0x900f37ca                EwGetRectSize
                0x900f37e8                EwGetRectORect
                0x900f380c                EwGetRectCenter
                0x900f383a                EwSetRectSize
                0x900f3866                EwSetRectOrigin
                0x900f3894                EwSetRectX1
                0x900f38b4                EwSetRectY1
                0x900f38d4                EwSetRectX2
                0x900f38f4                EwSetRectY2
                0x900f3914                EwSetRectX
                0x900f393c                EwSetRectY
                0x900f3966                EwSetRectW
                0x900f398a                EwSetRectH
                0x900f39ae                EwSetRectPoint1
                0x900f39d4                EwSetRectPoint2
                0x900f39fc                EwGetVariantOfRect
 .text          0x900f3a14      0x99c ../../../PlatformPackage/RTE\libewrte-m7-gcc.a(ewref.o)
                0x900f3a14                EwNewRef
                0x900f3a1e                EwCompRef
                0x900f3a4a                EwIsRefNull
                0x900f3a64                EwOnGetInt8
                0x900f3aa4                EwOnGetInt16
                0x900f3ae4                EwOnGetInt32
                0x900f3b24                EwOnGetInt64
                0x900f3b64                EwOnGetUInt8
                0x900f3ba4                EwOnGetUInt16
                0x900f3be4                EwOnGetUInt32
                0x900f3c24                EwOnGetUInt64
                0x900f3c64                EwOnGetBool
                0x900f3c76                EwOnGetFloat
                0x900f3cb8                EwOnGetChar
                0x900f3cca                EwOnGetString
                0x900f3d0c                EwOnGetPoint
                0x900f3d54                EwOnGetRect
                0x900f3d9c                EwOnGetColor
                0x900f3ddc                EwOnGetEnum
                0x900f3dee                EwOnGetSet
                0x900f3e00                EwOnGetObject
                0x900f3e12                EwOnGetSlot
                0x900f3e58                EwOnGetLangId
                0x900f3e6a                EwOnGetStylesSet
                0x900f3e7c                EwOnGetClass
                0x900f3e8e                EwOnGetHandle
                0x900f3ea0                EwOnSetInt8
                0x900f3ee8                EwOnSetInt16
                0x900f3f30                EwOnSetInt32
                0x900f3f78                EwOnSetInt64
                0x900f3fc4                EwOnSetUInt8
                0x900f400c                EwOnSetUInt16
                0x900f4054                EwOnSetUInt32
                0x900f409c                EwOnSetUInt64
                0x900f40e8                EwOnSetBool
                0x900f4100                EwOnSetFloat
                0x900f4148                EwOnSetChar
                0x900f4160                EwOnSetString
                0x900f41a8                EwOnSetPoint
                0x900f4204                EwOnSetRect
                0x900f4264                EwOnSetColor
                0x900f42ac                EwOnSetEnum
                0x900f42c4                EwOnSetSet
                0x900f42dc                EwOnSetObject
                0x900f42f4                EwOnSetSlot
                0x900f4350                EwOnSetLangId
                0x900f4368                EwOnSetStylesSet
                0x900f4380                EwOnSetClass
                0x900f4398                EwOnSetHandle
 .text          0x900f43b0      0x54c ../../../PlatformPackage/RTE\libewrte-m7-gcc.a(ewresource.o)
                0x900f43d0                EwRegisterResource
                0x900f4484                EwDeregisterResource
                0x900f44e8                EwGetLanguage
                0x900f44f4                EwSetLanguage
                0x900f4510                EwGetStyles
                0x900f451c                EwSetStyles
                0x900f4538                EwStylesContains
                0x900f454a                EwGetVariantOf
                0x900f459c                EwLoadResource
                0x900f4618                EwGetVariantOfLangId
                0x900f4624                EwGetVariantOfStylesSet
                0x900f4630                EwDecompress
                0x900f4888                EwAdaptByteOrder2
                0x900f488a                EwAdaptByteOrder4
                0x900f488c                EwReleaseDecompressBuffers
                0x900f48b4                EwRegisterFlashAreaReader
 .text          0x900f48fc      0xb74 ../../../PlatformPackage/RTE\libewrte-m7-gcc.a(ewscalars.o)
                0x900f48fc                EwSetContains
                0x900f490e                EwGetVariantOfInt8
                0x900f491c                EwGetVariantOfInt16
                0x900f492a                EwGetVariantOfInt32
                0x900f4936                EwGetVariantOfInt64
                0x900f4944                EwGetVariantOfUInt8
                0x900f4950                EwGetVariantOfUInt16
                0x900f495c                EwGetVariantOfUInt32
                0x900f4968                EwGetVariantOfUInt64
                0x900f4976                EwGetVariantOfBool
                0x900f4982                EwGetVariantOfFloat
                0x900f4990                EwGetVariantOfEnum
                0x900f499c                EwGetVariantOfSet
                0x900f49a8                EwGetInt32Abs
                0x900f49b0                EwGetInt64Abs
                0x900f49c0                EwGetFloatAbs
                0x900f49d0                EwGetPointAbs
                0x900f49f2                EwGetRectAbs
                0x900f4a2c                EwGetInt32UAbs
                0x900f4a34                EwGetInt64UAbs
                0x900f4a44                EwNewFloatNaN
                0x900f4a50                EwNewFloatInfP
                0x900f4a5c                EwNewFloatInfN
                0x900f4a68                EwIsFloatNaN
                0x900f4a94                EwIsFloatInf
                0x900f4aa6                EwIsFloatInfP
                0x900f4ab4                EwIsFloatInfN
                0x900f4ac4                EwGetInt32Min
                0x900f4af0                EwGetUInt32Min
                0x900f4b1c                EwGetInt64Min
                0x900f4b66                EwGetUInt64Min
                0x900f4bb0                EwGetFloatMin
                0x900f4c10                EwGetColorMin
                0x900f4c86                EwGetPointMin
                0x900f4cc6                EwGetRectMin
                0x900f4d20                EwGetInt32Max
                0x900f4d4c                EwGetUInt32Max
                0x900f4d78                EwGetInt64Max
                0x900f4dc2                EwGetUInt64Max
                0x900f4e0c                EwGetFloatMax
                0x900f4e6e                EwGetColorMax
                0x900f4ee4                EwGetPointMax
                0x900f4f24                EwGetRectMax
                0x900f4f7e                EwMathMixInt32
                0x900f4fd8                EwMathMixUInt32
                0x900f5030                EwMathMixInt64
                0x900f50d8                EwMathMixUInt64
                0x900f5180                EwMathMixFloat
                0x900f51b8                EwMathMixPoint
                0x900f5254                EwMathMixRect
                0x900f535c                EwMathMixColor
                0x900f5400                EwMathLength
                0x900f5410                EwMathLengthPoint
                0x900f5436                EwMathTrunc
                0x900f5448                EwMathFract
 .text          0x900f5470      0x9f4 ../../../PlatformPackage/RTE\libewrte-m7-gcc.a(ewslot.o)
                0x900f55cc                EwMarkSignals
                0x900f5620                EwDiscardSignals
                0x900f5638                EwDisposeObservers
                0x900f565c                EwDisposeSignals
                0x900f5674                EwNewSlot
                0x900f567a                EwCompSlot
                0x900f56a2                EwIsSlotNull
                0x900f56ba                EwSignal
                0x900f570c                EwPostSignal
                0x900f5770                EwIdleSignal
                0x900f57c8                EwProcessSignals
                0x900f5848                EwAnyPendingSignals
                0x900f5860                EwAttachObjObserver
                0x900f5970                EwAttachRefObserver
                0x900f5a84                EwAttachObserver
                0x900f5b80                EwDetachObjObserver
                0x900f5c10                EwDetachRefObserver
                0x900f5cb4                EwDetachObserver
                0x900f5d3c                EwNotifyObjObservers
                0x900f5d9c                EwNotifyRefObservers
                0x900f5e0c                EwNotifyObservers
 .text          0x900f5e64     0x19ec ../../../PlatformPackage/RTE\libewrte-m7-gcc.a(ewstring.o)
                0x900f617c                ToLower
                0x900f628c                EwDisposeStrings
                0x900f6374                EwCanMarkString
                0x900f63b4                EwFormatUIntToAnsiString
                0x900f6476                EwFormatIntToAnsiString
                0x900f6550                EwFormatUInt64ToAnsiString
                0x900f6652                EwFormatInt64ToAnsiString
                0x900f6772                EwFormatFloatToAnsiString
                0x900f6934                EwNewString
                0x900f6950                EwNewStringAnsi
                0x900f6982                EwNewStringUtf8
                0x900f6a72                EwNewStringUInt
                0x900f6a9e                EwNewStringInt
                0x900f6aca                EwNewStringUInt64
                0x900f6af8                EwNewStringInt64
                0x900f6b26                EwNewStringFloat
                0x900f6b64                EwNewStringChar
                0x900f6b88                EwCompString
                0x900f6bd4                EwLoadString
                0x900f6e20                EwShareString
                0x900f6e42                EwConcatString
                0x900f6e90                EwConcatStringChar
                0x900f6ec8                EwConcatCharString
                0x900f6efe                EwGetStringChar
                0x900f6f16                EwSetStringChar
                0x900f6f58                EwGetStringLength
                0x900f6f66                EwIsStringEmpty
                0x900f6f7c                EwGetStringUpper
                0x900f6fb0                EwGetStringLower
                0x900f6fe4                EwStringLeft
                0x900f7018                EwStringRight
                0x900f7052                EwStringMiddle
                0x900f7098                EwStringInsert
                0x900f710c                EwStringRemove
                0x900f716a                EwStringFindChar
                0x900f71a4                EwStringFind
                0x900f7206                EwStringParseInt32
                0x900f72ee                EwStringParseUInt32
                0x900f73d8                EwStringParseInt64
                0x900f74f8                EwStringParseUInt64
                0x900f7612                EwStringParseFloat
                0x900f7724                EwStringToAnsi
                0x900f776a                EwGetUtf8StringLength
                0x900f7792                EwStringToUtf8
                0x900f781e                EwGetVariantOfString
                0x900f7830                EwGetVariantOfChar
                0x900f783c                EwGetCharUpper
                0x900f7846                EwGetCharLower
 .text          0x900f7850      0x32c ../../../PlatformPackage/RTE\libewrte-m7-gcc.a(ewtimer.o)
                0x900f7878                EwCreateTimer
                0x900f7928                EwResetTimer
                0x900f796c                EwDestroyTimer
                0x900f79f4                EwStartTimer
                0x900f7a5c                EwProcessTimers
                0x900f7b1c                EwNextTimerExpiration
 .text          0x900f7b7c      0x254 c:/users/ambro/downloads/stm32h750-discovery-buildenvironment-v13.03.00.00/stm32h750-discovery/thirdparty/gcc-arm-none-eabi/bin/../lib/gcc/arm-none-eabi/11.2.1/thumb/v7e-m+dp/hard\libgcc.a(_arm_muldf3.o)
                0x900f7b7c                __muldf3
                0x900f7b7c                __aeabi_dmul
 .text          0x900f7dd0      0x378 c:/users/ambro/downloads/stm32h750-discovery-buildenvironment-v13.03.00.00/stm32h750-discovery/thirdparty/gcc-arm-none-eabi/bin/../lib/gcc/arm-none-eabi/11.2.1/thumb/v7e-m+dp/hard\libgcc.a(_arm_addsubdf3.o)
                0x900f7dd0                __aeabi_drsub
                0x900f7dd8                __aeabi_dsub
                0x900f7dd8                __subdf3
                0x900f7ddc                __aeabi_dadd
                0x900f7ddc                __adddf3
                0x900f8054                __floatunsidf
                0x900f8054                __aeabi_ui2d
                0x900f8074                __floatsidf
                0x900f8074                __aeabi_i2d
                0x900f8098                __aeabi_f2d
                0x900f8098                __extendsfdf2
                0x900f80dc                __floatundidf
                0x900f80dc                __aeabi_ul2d
                0x900f80ec                __floatdidf
                0x900f80ec                __aeabi_l2d
 .text          0x900f8148       0x40 c:/users/ambro/downloads/stm32h750-discovery-buildenvironment-v13.03.00.00/stm32h750-discovery/thirdparty/gcc-arm-none-eabi/bin/../lib/gcc/arm-none-eabi/11.2.1/thumb/v7e-m+dp/hard\libgcc.a(_arm_fixunsdfsi.o)
                0x900f8148                __aeabi_d2uiz
                0x900f8148                __fixunsdfsi
 .text          0x900f8188       0xa0 c:/users/ambro/downloads/stm32h750-discovery-buildenvironment-v13.03.00.00/stm32h750-discovery/thirdparty/gcc-arm-none-eabi/bin/../lib/gcc/arm-none-eabi/11.2.1/thumb/v7e-m+dp/hard\libgcc.a(_arm_truncdfsf2.o)
                0x900f8188                __truncdfsf2
                0x900f8188                __aeabi_d2f
 .text          0x900f8228       0x30 c:/users/ambro/downloads/stm32h750-discovery-buildenvironment-v13.03.00.00/stm32h750-discovery/thirdparty/gcc-arm-none-eabi/bin/../lib/gcc/arm-none-eabi/11.2.1/thumb/v7e-m+dp/hard\libgcc.a(_aeabi_uldivmod.o)
                0x900f8228                __aeabi_uldivmod
 .text          0x900f8258        0x4 c:/users/ambro/downloads/stm32h750-discovery-buildenvironment-v13.03.00.00/stm32h750-discovery/thirdparty/gcc-arm-none-eabi/bin/../lib/gcc/arm-none-eabi/11.2.1/thumb/v7e-m+dp/hard\libgcc.a(_dvmd_tls.o)
                0x900f8258                __aeabi_idiv0
                0x900f8258                __aeabi_ldiv0
 *(.text*)
 .text.deregister_tm_clones
                0x900f825c       0x1c c:/users/ambro/downloads/stm32h750-discovery-buildenvironment-v13.03.00.00/stm32h750-discovery/thirdparty/gcc-arm-none-eabi/bin/../lib/gcc/arm-none-eabi/11.2.1/thumb/v7e-m+dp/hard/crtbegin.o
 .text.register_tm_clones
                0x900f8278       0x24 c:/users/ambro/downloads/stm32h750-discovery-buildenvironment-v13.03.00.00/stm32h750-discovery/thirdparty/gcc-arm-none-eabi/bin/../lib/gcc/arm-none-eabi/11.2.1/thumb/v7e-m+dp/hard/crtbegin.o
 .text.__do_global_dtors_aux
                0x900f829c       0x28 c:/users/ambro/downloads/stm32h750-discovery-buildenvironment-v13.03.00.00/stm32h750-discovery/thirdparty/gcc-arm-none-eabi/bin/../lib/gcc/arm-none-eabi/11.2.1/thumb/v7e-m+dp/hard/crtbegin.o
 .text.frame_dummy
                0x900f82c4       0x24 c:/users/ambro/downloads/stm32h750-discovery-buildenvironment-v13.03.00.00/stm32h750-discovery/thirdparty/gcc-arm-none-eabi/bin/../lib/gcc/arm-none-eabi/11.2.1/thumb/v7e-m+dp/hard/crtbegin.o
 .text.Reset_Handler
                0x900f82e8       0x50 C:\Users\ambro\AppData\Local\Temp\cc1pcAbN.o
                0x900f82e8                Reset_Handler
 .text.Default_Handler
                0x900f8338        0x2 C:\Users\ambro\AppData\Local\Temp\cc1pcAbN.o
                0x900f8338                RTC_Alarm_IRQHandler
                0x900f8338                HASH_RNG_IRQHandler
                0x900f8338                EXTI2_IRQHandler
                0x900f8338                TIM8_CC_IRQHandler
                0x900f8338                HRTIM1_Master_IRQHandler
                0x900f8338                UART8_IRQHandler
                0x900f8338                SPI4_IRQHandler
                0x900f8338                TIM1_CC_IRQHandler
                0x900f8338                BDMA_Channel6_IRQHandler
                0x900f8338                DMA2_Stream5_IRQHandler
                0x900f8338                HRTIM1_FLT_IRQHandler
                0x900f8338                JPEG_IRQHandler
                0x900f8338                DMA1_Stream5_IRQHandler
                0x900f8338                BDMA_Channel1_IRQHandler
                0x900f8338                HRTIM1_TIMD_IRQHandler
                0x900f8338                TAMP_STAMP_IRQHandler
                0x900f8338                EXTI3_IRQHandler
                0x900f8338                LPTIM4_IRQHandler
                0x900f8338                TIM8_TRG_COM_TIM14_IRQHandler
                0x900f8338                LPTIM2_IRQHandler
                0x900f8338                DFSDM1_FLT1_IRQHandler
                0x900f8338                DMAMUX2_OVR_IRQHandler
                0x900f8338                TIM8_UP_TIM13_IRQHandler
                0x900f8338                I2C3_ER_IRQHandler
                0x900f8338                DFSDM1_FLT2_IRQHandler
                0x900f8338                MDMA_IRQHandler
                0x900f8338                LPTIM3_IRQHandler
                0x900f8338                HSEM1_IRQHandler
                0x900f8338                EXTI0_IRQHandler
                0x900f8338                I2C2_EV_IRQHandler
                0x900f8338                DMA1_Stream2_IRQHandler
                0x900f8338                FPU_IRQHandler
                0x900f8338                OTG_HS_WKUP_IRQHandler
                0x900f8338                FDCAN1_IT1_IRQHandler
                0x900f8338                LTDC_ER_IRQHandler
                0x900f8338                DMA2_Stream2_IRQHandler
                0x900f8338                HRTIM1_TIME_IRQHandler
                0x900f8338                SPI1_IRQHandler
                0x900f8338                TIM6_DAC_IRQHandler
                0x900f8338                DCMI_IRQHandler
                0x900f8338                HRTIM1_TIMC_IRQHandler
                0x900f8338                DMA2_Stream3_IRQHandler
                0x900f8338                SAI2_IRQHandler
                0x900f8338                DFSDM1_FLT3_IRQHandler
                0x900f8338                USART6_IRQHandler
                0x900f8338                TIM17_IRQHandler
                0x900f8338                USART3_IRQHandler
                0x900f8338                BDMA_Channel7_IRQHandler
                0x900f8338                CRYP_IRQHandler
                0x900f8338                LPTIM5_IRQHandler
                0x900f8338                UART5_IRQHandler
                0x900f8338                ADC3_IRQHandler
                0x900f8338                DMA2_Stream0_IRQHandler
                0x900f8338                TIM4_IRQHandler
                0x900f8338                BDMA_Channel2_IRQHandler
                0x900f8338                QUADSPI_IRQHandler
                0x900f8338                I2C1_EV_IRQHandler
                0x900f8338                DMA1_Stream6_IRQHandler
                0x900f8338                DMAMUX1_OVR_IRQHandler
                0x900f8338                DMA1_Stream1_IRQHandler
                0x900f8338                TIM16_IRQHandler
                0x900f8338                UART4_IRQHandler
                0x900f8338                BDMA_Channel5_IRQHandler
                0x900f8338                TIM3_IRQHandler
                0x900f8338                RCC_IRQHandler
                0x900f8338                TIM8_BRK_TIM12_IRQHandler
                0x900f8338                TIM1_TRG_COM_IRQHandler
                0x900f8338                Default_Handler
                0x900f8338                ECC_IRQHandler
                0x900f8338                CEC_IRQHandler
                0x900f8338                BDMA_Channel0_IRQHandler
                0x900f8338                ADC_IRQHandler
                0x900f8338                DMA1_Stream7_IRQHandler
                0x900f8338                HRTIM1_TIMA_IRQHandler
                0x900f8338                SPI5_IRQHandler
                0x900f8338                TIM7_IRQHandler
                0x900f8338                SDMMC1_IRQHandler
                0x900f8338                TIM5_IRQHandler
                0x900f8338                DMA2_Stream7_IRQHandler
                0x900f8338                TIM15_IRQHandler
                0x900f8338                PVD_AVD_IRQHandler
                0x900f8338                I2C3_EV_IRQHandler
                0x900f8338                EXTI9_5_IRQHandler
                0x900f8338                RTC_WKUP_IRQHandler
                0x900f8338                SAI3_IRQHandler
                0x900f8338                ETH_WKUP_IRQHandler
                0x900f8338                SPDIF_RX_IRQHandler
                0x900f8338                SPI2_IRQHandler
                0x900f8338                OTG_HS_EP1_IN_IRQHandler
                0x900f8338                DMA1_Stream0_IRQHandler
                0x900f8338                CRS_IRQHandler
                0x900f8338                EXTI4_IRQHandler
                0x900f8338                HRTIM1_TIMB_IRQHandler
                0x900f8338                FDCAN2_IT1_IRQHandler
                0x900f8338                ETH_IRQHandler
                0x900f8338                TIM1_UP_IRQHandler
                0x900f8338                BDMA_Channel4_IRQHandler
                0x900f8338                OTG_HS_EP1_OUT_IRQHandler
                0x900f8338                WWDG_IRQHandler
                0x900f8338                SPI6_IRQHandler
                0x900f8338                MDIOS_IRQHandler
                0x900f8338                I2C4_EV_IRQHandler
                0x900f8338                FDCAN2_IT0_IRQHandler
                0x900f8338                LPUART1_IRQHandler
                0x900f8338                FDCAN1_IT0_IRQHandler
                0x900f8338                TIM2_IRQHandler
                0x900f8338                OTG_FS_WKUP_IRQHandler
                0x900f8338                OTG_HS_IRQHandler
                0x900f8338                TIM1_BRK_IRQHandler
                0x900f8338                EXTI1_IRQHandler
                0x900f8338                SDMMC2_IRQHandler
                0x900f8338                OTG_FS_EP1_OUT_IRQHandler
                0x900f8338                BDMA_Channel3_IRQHandler
                0x900f8338                UART7_IRQHandler
                0x900f8338                MDIOS_WKUP_IRQHandler
                0x900f8338                USART2_IRQHandler
                0x900f8338                DFSDM1_FLT0_IRQHandler
                0x900f8338                SAI4_IRQHandler
                0x900f8338                I2C2_ER_IRQHandler
                0x900f8338                DMA2_Stream1_IRQHandler
                0x900f8338                FLASH_IRQHandler
                0x900f8338                DMA2_Stream4_IRQHandler
                0x900f8338                USART1_IRQHandler
                0x900f8338                OTG_FS_IRQHandler
                0x900f8338                SPI3_IRQHandler
                0x900f8338                WAKEUP_PIN_IRQHandler
                0x900f8338                DMA1_Stream4_IRQHandler
                0x900f8338                OTG_FS_EP1_IN_IRQHandler
                0x900f8338                I2C1_ER_IRQHandler
                0x900f8338                FMC_IRQHandler
                0x900f8338                FDCAN_CAL_IRQHandler
                0x900f8338                SWPMI1_IRQHandler
                0x900f8338                COMP1_IRQHandler
                0x900f8338                LPTIM1_IRQHandler
                0x900f8338                I2C4_ER_IRQHandler
                0x900f8338                DMA2_Stream6_IRQHandler
                0x900f8338                SAI1_IRQHandler
                0x900f8338                DMA1_Stream3_IRQHandler
 *fill*         0x900f833a        0x2 
 .text.GuiThread
                0x900f833c       0x34 ./Obj/main.o
 .text.startup.main
                0x900f8370       0x2c ./Obj/main.o
                0x900f8370                main
 .text.EwInit   0x900f839c      0x200 ./Obj/ewmain.o
                0x900f839c                EwInit
 .text.EwDone   0x900f859c       0x9c ./Obj/ewmain.o
                0x900f859c                EwDone
 .text.EwProcess
                0x900f8638      0x1d4 ./Obj/ewmain.o
                0x900f8638                EwProcess
 .text.EwPrintSystemInfo
                0x900f880c      0x2b8 ./Obj/ewmain.o
                0x900f880c                EwPrintSystemInfo
 .text.DeviceDriver_Initialize
                0x900f8ac4        0x4 ./Obj/DeviceDriver.o
                0x900f8ac4                DeviceDriver_Initialize
 .text.DeviceDriver_Deinitialize
                0x900f8ac8        0x4 ./Obj/DeviceDriver.o
                0x900f8ac8                DeviceDriver_Deinitialize
 .text.DeviceDriver_ProcessData
                0x900f8acc        0x4 ./Obj/DeviceDriver.o
                0x900f8acc                DeviceDriver_ProcessData
 .text.CoreView_initLayoutContext
                0x900f8ad0        0xc ./Obj/Core.o
                0x900f8ad0                CoreView_initLayoutContext
 .text.CoreView_Draw
                0x900f8adc        0xc ./Obj/Core.o
                0x900f8adc                CoreView_Draw
 .text.CoreView_GetClipping
                0x900f8ae8       0x10 ./Obj/Core.o
                0x900f8ae8                CoreView_GetClipping
 .text.CoreView_HandleEvent
                0x900f8af8        0x4 ./Obj/Core.o
                0x900f8af8                CoreView_HandleEvent
 .text.CoreView_CursorHitTest
                0x900f8afc       0x10 ./Obj/Core.o
                0x900f8afc                CoreView_CursorHitTest
 .text.CoreView_AdjustDrawingArea
                0x900f8b0c       0x18 ./Obj/Core.o
                0x900f8b0c                CoreView_AdjustDrawingArea
 .text.CoreView_ArrangeView
                0x900f8b24       0x10 ./Obj/Core.o
                0x900f8b24                CoreView_ArrangeView
 .text.CoreView_MoveView
                0x900f8b34        0xc ./Obj/Core.o
                0x900f8b34                CoreView_MoveView
 .text.CoreView_GetExtent
                0x900f8b40        0xc ./Obj/Core.o
                0x900f8b40                CoreView_GetExtent
 .text.CoreRectView_GetExtent
                0x900f8b4c       0x10 ./Obj/Core.o
                0x900f8b4c                CoreRectView_GetExtent
 .text.CoreGroup_OnSetOpacity
                0x900f8b5c       0x48 ./Obj/Core.o
                0x900f8b5c                CoreGroup_OnSetOpacity
 .text.CoreGroup_UpdateViewState
                0x900f8ba4        0x4 ./Obj/Core.o
                0x900f8ba4                CoreGroup_UpdateViewState
 .text.CoreRoot_GetRoot
                0x900f8ba8        0x4 ./Obj/Core.o
                0x900f8ba8                CoreRoot_GetRoot
 .text.CoreView__Init
                0x900f8bac       0x20 ./Obj/Core.o
                0x900f8bac                CoreView__Init
 .text.CoreQuadView__Init
                0x900f8bcc       0x20 ./Obj/Core.o
                0x900f8bcc                CoreQuadView__Init
 .text.CoreSimpleTouchHandler__Init
                0x900f8bec       0x28 ./Obj/Core.o
                0x900f8bec                CoreSimpleTouchHandler__Init
 .text.CoreRectView__Init
                0x900f8c14       0x20 ./Obj/Core.o
                0x900f8c14                CoreRectView__Init
 .text.CoreOutline__Init
                0x900f8c34       0x20 ./Obj/Core.o
                0x900f8c34                CoreOutline__Init
 .text.CoreCursorHit__Init
                0x900f8c54       0x14 ./Obj/Core.o
                0x900f8c54                CoreCursorHit__Init
 .text.CoreLayoutContext__Init
                0x900f8c68       0x14 ./Obj/Core.o
                0x900f8c68                CoreLayoutContext__Init
 .text.CoreLayoutQuadContext__Init
                0x900f8c7c       0x14 ./Obj/Core.o
                0x900f8c7c                CoreLayoutQuadContext__Init
 .text.CoreTimer__Init
                0x900f8c90       0x1c ./Obj/Core.o
                0x900f8c90                CoreTimer__Init
 .text.CoreView__ReInit
                0x900f8cac        0x4 ./Obj/Core.o
                0x900f8cac                CoreView__ReInit
 .text.CoreRoot__ReInit
                0x900f8cb0       0x14 ./Obj/Core.o
                0x900f8cb0                CoreRoot__ReInit
 .text.CoreView__Done
                0x900f8cc4        0xc ./Obj/Core.o
                0x900f8cc4                CoreView__Done
 .text.CoreEvent__Done
                0x900f8cd0        0xc ./Obj/Core.o
                0x900f8cd0                CoreEvent__Done
 .text.CoreKeyPressHandler__Done
                0x900f8cdc        0xc ./Obj/Core.o
                0x900f8cdc                CoreKeyPressHandler__Done
 .text.CoreCursorHit__Done
                0x900f8ce8        0xc ./Obj/Core.o
                0x900f8ce8                CoreCursorHit__Done
 .text.CoreLayoutContext__Done
                0x900f8cf4        0xc ./Obj/Core.o
                0x900f8cf4                CoreLayoutContext__Done
 .text.CoreGroup_updateComponentWithDelay
                0x900f8d00       0x28 ./Obj/Core.o
                0x900f8d00                CoreGroup_updateComponentWithDelay
 .text.CoreView_GetRoot
                0x900f8d28       0x24 ./Obj/Core.o
                0x900f8d28                CoreView_GetRoot
 .text.CoreRectView_initLayoutContext
                0x900f8d4c       0x44 ./Obj/Core.o
                0x900f8d4c                CoreRectView_initLayoutContext
 .text.CoreQuadView_initLayoutContext
                0x900f8d90       0xa0 ./Obj/Core.o
                0x900f8d90                CoreQuadView_initLayoutContext
 .text.CoreQuadView_GetExtent
                0x900f8e30       0xcc ./Obj/Core.o
                0x900f8e30                CoreQuadView_GetExtent
 .text.CoreRectView_ArrangeView
                0x900f8efc      0x334 ./Obj/Core.o
                0x900f8efc                CoreRectView_ArrangeView
 .text.CoreRectView_MoveView
                0x900f9230       0x70 ./Obj/Core.o
                0x900f9230                CoreRectView_MoveView
 .text.CoreRectView_OnSetBounds
                0x900f92a0      0x120 ./Obj/Core.o
                0x900f92a0                CoreRectView_OnSetBounds
 .text.CoreGroup_GetClipping
                0x900f93c0       0xec ./Obj/Core.o
                0x900f93c0                CoreGroup_GetClipping
 .text.CoreOutline_GetClipping
                0x900f94ac       0x88 ./Obj/Core.o
                0x900f94ac                CoreOutline_GetClipping
 .text.CoreGroup_InvalidateArea
                0x900f9534       0xe4 ./Obj/Core.o
                0x900f9534                CoreGroup_InvalidateArea
 .text.CoreGroup_AdjustDrawingArea
                0x900f9618      0x1f0 ./Obj/Core.o
                0x900f9618                CoreGroup_AdjustDrawingArea
 .text.CoreGroup_CursorHitTest
                0x900f9808      0x24c ./Obj/Core.o
                0x900f9808                CoreGroup_CursorHitTest
 .text.CoreGroup_OnSetBounds
                0x900f9a54       0xfc ./Obj/Core.o
                0x900f9a54                CoreGroup_OnSetBounds
 .text.CoreGroup_OnSetFocus
                0x900f9b50       0x74 ./Obj/Core.o
                0x900f9b50                CoreGroup_OnSetFocus
 .text.CoreRoot_OnSetFocus
                0x900f9bc4        0x4 ./Obj/Core.o
                0x900f9bc4                CoreRoot_OnSetFocus
 .text.CoreOutline_OnSetBounds
                0x900f9bc8      0x18c ./Obj/Core.o
                0x900f9bc8                CoreOutline_OnSetBounds
 .text.CoreEvent__Init
                0x900f9d54       0x1c ./Obj/Core.o
                0x900f9d54                CoreEvent__Init
 .text.CoreResource__Done
                0x900f9d70       0x24 ./Obj/Core.o
                0x900f9d70                CoreResource__Done
 .text.CoreResource__Init
                0x900f9d94       0x24 ./Obj/Core.o
                0x900f9d94                CoreResource__Init
 .text.CoreTimer__Done
                0x900f9db8       0x24 ./Obj/Core.o
                0x900f9db8                CoreTimer__Done
 .text.CoreRoot_OnSetOpacity
                0x900f9ddc       0x4c ./Obj/Core.o
                0x900f9ddc                CoreRoot_OnSetOpacity
 .text.CoreOutline_Draw
                0x900f9e28        0xc ./Obj/Core.o
                0x900f9e28                CoreOutline_Draw
 .text.CoreSimpleTouchHandler_Draw
                0x900f9e34        0xc ./Obj/Core.o
                0x900f9e34                CoreSimpleTouchHandler_Draw
 .text.CoreKeyEvent__ReInit
                0x900f9e40        0x4 ./Obj/Core.o
                0x900f9e40                CoreKeyEvent__ReInit
 .text.CoreCursorGrabEvent__ReInit
                0x900f9e44        0x4 ./Obj/Core.o
                0x900f9e44                CoreCursorGrabEvent__ReInit
 .text.CoreEvent__ReInit
                0x900f9e48        0x4 ./Obj/Core.o
                0x900f9e48                CoreEvent__ReInit
 .text.CoreSimpleTouchHandler__ReInit
                0x900f9e4c        0x4 ./Obj/Core.o
                0x900f9e4c                CoreSimpleTouchHandler__ReInit
 .text.CoreDragEvent__ReInit
                0x900f9e50        0x4 ./Obj/Core.o
                0x900f9e50                CoreDragEvent__ReInit
 .text.CoreOutline__ReInit
                0x900f9e54        0x4 ./Obj/Core.o
                0x900f9e54                CoreOutline__ReInit
 .text.CoreCursorEvent__ReInit
                0x900f9e58        0x4 ./Obj/Core.o
                0x900f9e58                CoreCursorEvent__ReInit
 .text.CoreKeyPressHandler__ReInit
                0x900f9e5c        0x4 ./Obj/Core.o
                0x900f9e5c                CoreKeyPressHandler__ReInit
 .text.CoreCursorHit__ReInit
                0x900f9e60        0x4 ./Obj/Core.o
                0x900f9e60                CoreCursorHit__ReInit
 .text.CoreLayoutContext__ReInit
                0x900f9e64        0x4 ./Obj/Core.o
                0x900f9e64                CoreLayoutContext__ReInit
 .text.CoreLayoutQuadContext__ReInit
                0x900f9e68        0x4 ./Obj/Core.o
                0x900f9e68                CoreLayoutQuadContext__ReInit
 .text.CoreResource__ReInit
                0x900f9e6c        0x4 ./Obj/Core.o
                0x900f9e6c                CoreResource__ReInit
 .text.CoreTimer__ReInit
                0x900f9e70        0x4 ./Obj/Core.o
                0x900f9e70                CoreTimer__ReInit
 .text.CoreQuadView__ReInit
                0x900f9e74        0x4 ./Obj/Core.o
                0x900f9e74                CoreQuadView__ReInit
 .text.CoreRectView__ReInit
                0x900f9e78        0x4 ./Obj/Core.o
                0x900f9e78                CoreRectView__ReInit
 .text.CoreGroup__ReInit
                0x900f9e7c        0x4 ./Obj/Core.o
                0x900f9e7c                CoreGroup__ReInit
 .text.CoreLayoutQuadContext__Done
                0x900f9e80        0xc ./Obj/Core.o
                0x900f9e80                CoreLayoutQuadContext__Done
 .text.CoreDragEvent__Done
                0x900f9e8c        0xc ./Obj/Core.o
                0x900f9e8c                CoreDragEvent__Done
 .text.CoreCursorEvent__Done
                0x900f9e98        0xc ./Obj/Core.o
                0x900f9e98                CoreCursorEvent__Done
 .text.CoreCursorGrabEvent__Done
                0x900f9ea4        0xc ./Obj/Core.o
                0x900f9ea4                CoreCursorGrabEvent__Done
 .text.CoreKeyEvent__Done
                0x900f9eb0        0xc ./Obj/Core.o
                0x900f9eb0                CoreKeyEvent__Done
 .text.CoreGroup__Done
                0x900f9ebc        0xc ./Obj/Core.o
                0x900f9ebc                CoreGroup__Done
 .text.CoreQuadView__Done
                0x900f9ec8        0xc ./Obj/Core.o
                0x900f9ec8                CoreQuadView__Done
 .text.CoreRectView__Done
                0x900f9ed4        0xc ./Obj/Core.o
                0x900f9ed4                CoreRectView__Done
 .text.CoreOutline__Done
                0x900f9ee0        0xc ./Obj/Core.o
                0x900f9ee0                CoreOutline__Done
 .text.CoreSimpleTouchHandler__Done
                0x900f9eec        0xc ./Obj/Core.o
                0x900f9eec                CoreSimpleTouchHandler__Done
 .text.TimerProc
                0x900f9ef8        0x8 ./Obj/Core.o
 .text.CoreRoot__Done
                0x900f9f00       0x38 ./Obj/Core.o
                0x900f9f00                CoreRoot__Done
 .text.CoreCursorGrabEvent__Init
                0x900f9f38       0x24 ./Obj/Core.o
                0x900f9f38                CoreCursorGrabEvent__Init
 .text.CoreCursorEvent__Init
                0x900f9f5c       0x24 ./Obj/Core.o
                0x900f9f5c                CoreCursorEvent__Init
 .text.CoreKeyEvent__Init
                0x900f9f80       0x24 ./Obj/Core.o
                0x900f9f80                CoreKeyEvent__Init
 .text.CoreDragEvent__Init
                0x900f9fa4       0x24 ./Obj/Core.o
                0x900f9fa4                CoreDragEvent__Init
 .text.CoreKeyPressHandler__Init
                0x900f9fc8       0x44 ./Obj/Core.o
                0x900f9fc8                CoreKeyPressHandler__Init
 .text.CoreGroup__Init
                0x900fa00c       0x44 ./Obj/Core.o
                0x900fa00c                CoreGroup__Init
 .text.CoreTimer_Trigger
                0x900fa050       0x4c ./Obj/Core.o
                0x900fa050                CoreTimer_Trigger
 .text.CoreRoot_InvalidateArea
                0x900fa09c      0x6f0 ./Obj/Core.o
                0x900fa09c                CoreRoot_InvalidateArea
 .text.CoreView_OnSetLayout
                0x900fa78c       0xb0 ./Obj/Core.o
                0x900fa78c                CoreView_OnSetLayout
 .text.CoreView__GetClipping
                0x900fa83c       0x10 ./Obj/Core.o
                0x900fa83c                CoreView__GetClipping
 .text.CoreView__ChangeViewState
                0x900fa84c        0x8 ./Obj/Core.o
                0x900fa84c                CoreView__ChangeViewState
 .text.CoreQuadView_OnSetPoint4
                0x900fa854       0xf8 ./Obj/Core.o
                0x900fa854                CoreQuadView_OnSetPoint4
 .text.CoreQuadView_OnSetPoint3
                0x900fa94c       0xf8 ./Obj/Core.o
                0x900fa94c                CoreQuadView_OnSetPoint3
 .text.CoreQuadView_OnSetPoint2
                0x900faa44       0xf8 ./Obj/Core.o
                0x900faa44                CoreQuadView_OnSetPoint2
 .text.CoreQuadView_OnSetPoint1
                0x900fab3c       0xf8 ./Obj/Core.o
                0x900fab3c                CoreQuadView_OnSetPoint1
 .text.CoreQuadView_ArrangeView
                0x900fac34      0x500 ./Obj/Core.o
                0x900fac34                CoreQuadView_ArrangeView
 .text.CoreQuadView_MoveView
                0x900fb134      0x100 ./Obj/Core.o
                0x900fb134                CoreQuadView_MoveView
 .text.CoreQuadView_IsPointInside
                0x900fb234       0xcc ./Obj/Core.o
                0x900fb234                CoreQuadView_IsPointInside
 .text.CoreQuadView_HasRectShape
                0x900fb300       0x4c ./Obj/Core.o
                0x900fb300                CoreQuadView_HasRectShape
 .text.CoreSimpleTouchHandler_CursorHitTest
                0x900fb34c      0x1bc ./Obj/Core.o
                0x900fb34c                CoreSimpleTouchHandler_CursorHitTest
 .text.CoreRectView__OnSetBounds
                0x900fb508       0x28 ./Obj/Core.o
                0x900fb508                CoreRectView__OnSetBounds
 .text.CoreGroup_drawContent
                0x900fb530      0x190 ./Obj/Core.o
                0x900fb530                CoreGroup_drawContent
 .text.CoreGroup_Draw
                0x900fb6c0       0x6c ./Obj/Core.o
                0x900fb6c0                CoreGroup_Draw
 .text.CoreRoot_Draw
                0x900fb72c       0xc0 ./Obj/Core.o
                0x900fb72c                CoreRoot_Draw
 .text.CoreGroup_recalculateLayout
                0x900fb7ec      0x1c0 ./Obj/Core.o
                0x900fb7ec                CoreGroup_recalculateLayout
 .text.CoreGroup_updateComponent
                0x900fb9ac       0x38 ./Obj/Core.o
                0x900fb9ac                CoreGroup_updateComponent
 .text.CoreGroup_OnSetEnabled
                0x900fb9e4       0x18 ./Obj/Core.o
                0x900fb9e4                CoreGroup_OnSetEnabled
 .text.CoreGroup__OnSetOpacity
                0x900fb9fc        0x8 ./Obj/Core.o
                0x900fb9fc                CoreGroup__OnSetOpacity
 .text.CoreGroup_OnSetVisible
                0x900fba04       0x14 ./Obj/Core.o
                0x900fba04                CoreGroup_OnSetVisible
 .text.CoreGroup_ExtendClipping
                0x900fba18      0x160 ./Obj/Core.o
                0x900fba18                CoreGroup_ExtendClipping
 .text.CoreGroup_InvalidateViewState
                0x900fbb78       0x30 ./Obj/Core.o
                0x900fbb78                CoreGroup_InvalidateViewState
 .text.CoreGroup__InvalidateArea
                0x900fbba8       0x28 ./Obj/Core.o
                0x900fbba8                CoreGroup__InvalidateArea
 .text.CoreGroup_FindSiblingView
                0x900fbbd0       0xbc ./Obj/Core.o
                0x900fbbd0                CoreGroup_FindSiblingView
 .text.CoreView_ChangeViewState
                0x900fbc8c      0x1f8 ./Obj/Core.o
                0x900fbc8c                CoreView_ChangeViewState
 .text.CoreGroup_ChangeViewState
                0x900fbe84      0x140 ./Obj/Core.o
                0x900fbe84                CoreGroup_ChangeViewState
 .text.CoreRoot_ChangeViewState
                0x900fbfc4       0x84 ./Obj/Core.o
                0x900fbfc4                CoreRoot_ChangeViewState
 .text.CoreOutline_ChangeViewState
                0x900fc048       0x9c ./Obj/Core.o
                0x900fc048                CoreOutline_ChangeViewState
 .text.CoreGroup_Restack
                0x900fc0e4      0x1c4 ./Obj/Core.o
                0x900fc0e4                CoreGroup_Restack
 .text.CoreView_OnSetStackingPriority
                0x900fc2a8       0x58 ./Obj/Core.o
                0x900fc2a8                CoreView_OnSetStackingPriority
 .text.CoreGroup_Remove
                0x900fc300      0x148 ./Obj/Core.o
                0x900fc300                CoreGroup_Remove
 .text.CoreGroup_Add
                0x900fc448      0x1ac ./Obj/Core.o
                0x900fc448                CoreGroup_Add
 .text.CoreRoot__EndUpdate
                0x900fc5f4       0x1c ./Obj/Core.o
                0x900fc5f4                CoreRoot__EndUpdate
 .text.CoreRoot_UpdateCanvas
                0x900fc610      0x16c ./Obj/Core.o
                0x900fc610                CoreRoot_UpdateCanvas
 .text.CoreRoot__UpdateCanvas
                0x900fc77c       0x20 ./Obj/Core.o
                0x900fc77c                CoreRoot__UpdateCanvas
 .text.CoreRoot_GetUpdateRegion
                0x900fc79c       0x54 ./Obj/Core.o
                0x900fc79c                CoreRoot_GetUpdateRegion
 .text.CoreRoot__GetUpdateRegion
                0x900fc7f0        0xc ./Obj/Core.o
                0x900fc7f0                CoreRoot__GetUpdateRegion
 .text.CoreRoot_BeginUpdate
                0x900fc7fc      0x764 ./Obj/Core.o
                0x900fc7fc                CoreRoot_BeginUpdate
 .text.CoreRoot__UpdateGE20
                0x900fcf60       0x60 ./Obj/Core.o
                0x900fcf60                CoreRoot__UpdateGE20
 .text.CoreRoot__BeginUpdate
                0x900fcfc0        0x4 ./Obj/Core.o
                0x900fcfc0                CoreRoot__BeginUpdate
 .text.CoreRoot__DoesNeedUpdate
                0x900fcfc4       0x30 ./Obj/Core.o
                0x900fcfc4                CoreRoot__DoesNeedUpdate
 .text.CoreRoot_Initialize
                0x900fcff4       0x70 ./Obj/Core.o
                0x900fcff4                CoreRoot_Initialize
 .text.CoreRoot__Initialize
                0x900fd064       0x14 ./Obj/Core.o
                0x900fd064                CoreRoot__Initialize
 .text.CoreRoot_DriveMultiTouchMovement
                0x900fd078      0x2d0 ./Obj/Core.o
                0x900fd078                CoreRoot_DriveMultiTouchMovement
 .text.CoreRoot__DriveMultiTouchMovement
                0x900fd348       0x14 ./Obj/Core.o
                0x900fd348                CoreRoot__DriveMultiTouchMovement
 .text.CoreRoot_DeflectCursor
                0x900fd35c      0x820 ./Obj/Core.o
                0x900fd35c                CoreRoot_DeflectCursor
 .text.CoreRoot_RetargetCursorWithReason
                0x900fdb7c      0x150 ./Obj/Core.o
                0x900fdb7c                CoreRoot_RetargetCursorWithReason
 .text.CoreSimpleTouchHandler_HandleEvent
                0x900fdccc      0x650 ./Obj/Core.o
                0x900fdccc                CoreSimpleTouchHandler_HandleEvent
 .text.CoreKeyEvent_IsCode
                0x900fe31c       0x9c ./Obj/Core.o
                0x900fe31c                CoreKeyEvent_IsCode
 .text.CoreSimpleTouchHandler_OnSetRetargetOffset
                0x900fe3b8        0xc ./Obj/Core.o
                0x900fe3b8                CoreSimpleTouchHandler_OnSetRetargetOffset
 .text.CoreSimpleTouchHandler_OnSetMaxStrikeCount
                0x900fe3c4        0xc ./Obj/Core.o
                0x900fe3c4                CoreSimpleTouchHandler_OnSetMaxStrikeCount
 .text.CoreSimpleTouchHandler_OnSetEnabled
                0x900fe3d0       0x18 ./Obj/Core.o
                0x900fe3d0                CoreSimpleTouchHandler_OnSetEnabled
 .text.CoreKeyPressHandler_HandleEvent
                0x900fe3e8       0x7c ./Obj/Core.o
                0x900fe3e8                CoreKeyPressHandler_HandleEvent
 .text.CoreGroup_processKeyHandlers
                0x900fe464       0x40 ./Obj/Core.o
                0x900fe464                CoreGroup_processKeyHandlers
 .text.CoreGroup_DispatchEvent
                0x900fe4a4       0x5c ./Obj/Core.o
                0x900fe4a4                CoreGroup_DispatchEvent
 .text.CoreRoot_DispatchEvent
                0x900fe500       0x24 ./Obj/Core.o
                0x900fe500                CoreRoot_DispatchEvent
 .text.CoreGroup_BroadcastEvent
                0x900fe524       0x80 ./Obj/Core.o
                0x900fe524                CoreGroup_BroadcastEvent
 .text.CoreRoot_BroadcastEvent
                0x900fe5a4       0x24 ./Obj/Core.o
                0x900fe5a4                CoreRoot_BroadcastEvent
 .text.CoreTimer_restart
                0x900fe5c8       0x40 ./Obj/Core.o
                0x900fe5c8                CoreTimer_restart
 .text.CoreRoot__Init
                0x900fe608       0xb4 ./Obj/Core.o
                0x900fe608                CoreRoot__Init
 .text.CoreRoot_DriveMultiTouchHitting
                0x900fe6bc      0x468 ./Obj/Core.o
                0x900fe6bc                CoreRoot_DriveMultiTouchHitting
 .text.CoreRoot__DriveMultiTouchHitting
                0x900feb24       0x30 ./Obj/Core.o
                0x900feb24                CoreRoot__DriveMultiTouchHitting
 .text.CoreTimer_OnSetPeriod
                0x900feb54       0x1c ./Obj/Core.o
                0x900feb54                CoreTimer_OnSetPeriod
 .text.CoreTimer_OnSetBegin
                0x900feb70       0x1c ./Obj/Core.o
                0x900feb70                CoreTimer_OnSetBegin
 .text.CoreTimer_OnSetEnabled
                0x900feb8c       0x44 ./Obj/Core.o
                0x900feb8c                CoreTimer_OnSetEnabled
 .text.CoreRoot_cursorHoldTimerProc
                0x900febd0      0x2b8 ./Obj/Core.o
                0x900febd0                CoreRoot_cursorHoldTimerProc
 .text.CoreTimer_GetCurrentTime
                0x900fee88        0x4 ./Obj/Core.o
                0x900fee88                CoreTimer_GetCurrentTime
 .text.EffectsEffect_Animate
                0x900fee8c        0x4 ./Obj/Effects.o
                0x900fee8c                EffectsEffect_Animate
 .text.EffectsFloatEffect_Animate
                0x900fee90        0x8 ./Obj/Effects.o
                0x900fee90                EffectsFloatEffect_Animate
 .text.EffectsEffectTimer__ReInit
                0x900fee98        0x4 ./Obj/Effects.o
                0x900fee98                EffectsEffectTimer__ReInit
 .text.EffectsEffect__Init
                0x900fee9c       0x24 ./Obj/Effects.o
                0x900fee9c                EffectsEffect__Init
 .text.EffectsFloatEffect__Init
                0x900feec0       0x24 ./Obj/Effects.o
                0x900feec0                EffectsFloatEffect__Init
 .text.EffectsEffect__ReInit
                0x900feee4        0x4 ./Obj/Effects.o
                0x900feee4                EffectsEffect__ReInit
 .text.EffectsEffect__Done
                0x900feee8        0xc ./Obj/Effects.o
                0x900feee8                EffectsEffect__Done
 .text.EffectsEffectTimerClass__Init
                0x900feef4       0x14 ./Obj/Effects.o
                0x900feef4                EffectsEffectTimerClass__Init
 .text.EffectsEffectTimerClass__ReInit
                0x900fef08        0x4 ./Obj/Effects.o
                0x900fef08                EffectsEffectTimerClass__ReInit
 .text.EffectsEffectTimerClass__Done
                0x900fef0c        0xc ./Obj/Effects.o
                0x900fef0c                EffectsEffectTimerClass__Done
 .text.EffectsEffectTimerClass_Trigger
                0x900fef18       0x14 ./Obj/Effects.o
                0x900fef18                EffectsEffectTimerClass_Trigger
 .text.EffectsEffectTimer__Init
                0x900fef2c       0x18 ./Obj/Effects.o
                0x900fef2c                EffectsEffectTimer__Init
 .text.EffectsFloatEffect__ReInit
                0x900fef44        0x4 ./Obj/Effects.o
                0x900fef44                EffectsFloatEffect__ReInit
 .text.EffectsFloatEffect__Done
                0x900fef48        0xc ./Obj/Effects.o
                0x900fef48                EffectsFloatEffect__Done
 .text.EffectsEffect_runRevRev
                0x900fef54       0xf0 ./Obj/Effects.o
                0x900fef54                EffectsEffect_runRevRev
 .text.EffectsEffect_runRevFwd
                0x900ff044      0x110 ./Obj/Effects.o
                0x900ff044                EffectsEffect_runRevFwd
 .text.EffectsEffect_runFwdRev
                0x900ff154      0x10c ./Obj/Effects.o
                0x900ff154                EffectsEffect_runFwdRev
 .text.EffectsEffect_runFwdFwd
                0x900ff260       0xec ./Obj/Effects.o
                0x900ff260                EffectsEffect_runFwdFwd
 .text.EffectsEffect_timerSlot
                0x900ff34c       0xb4 ./Obj/Effects.o
                0x900ff34c                EffectsEffect_timerSlot
 .text.EffectsEffect_OnSetReversed
                0x900ff400       0x38 ./Obj/Effects.o
                0x900ff400                EffectsEffect_OnSetReversed
 .text.EffectsEffect_OnSetNoOfCycles
                0x900ff438        0x8 ./Obj/Effects.o
                0x900ff438                EffectsEffect_OnSetNoOfCycles
 .text.EffectsEffect_OnSetCycleDuration
                0x900ff440       0x20 ./Obj/Effects.o
                0x900ff440                EffectsEffect_OnSetCycleDuration
 .text.EffectsEffect_OnSetEnabled
                0x900ff460       0x88 ./Obj/Effects.o
                0x900ff460                EffectsEffect_OnSetEnabled
 .text.GraphicsCanvas__Init
                0x900ff4e8       0x1c ./Obj/Graphics.o
                0x900ff4e8                GraphicsCanvas__Init
 .text.GraphicsCanvas__ReInit
                0x900ff504        0x4 ./Obj/Graphics.o
                0x900ff504                GraphicsCanvas__ReInit
 .text.GraphicsCanvas_OnSetFrameSize
                0x900ff508       0x7c ./Obj/Graphics.o
                0x900ff508                GraphicsCanvas_OnSetFrameSize
 .text.GraphicsCanvas_Update
                0x900ff584      0x13c ./Obj/Graphics.o
                0x900ff584                GraphicsCanvas_Update
 .text.GraphicsCanvas__Done
                0x900ff6c0       0x30 ./Obj/Graphics.o
                0x900ff6c0                GraphicsCanvas__Done
 .text.GraphicsCanvas__DetachBitmap
                0x900ff6f0       0x34 ./Obj/Graphics.o
                0x900ff6f0                GraphicsCanvas__DetachBitmap
 .text.GraphicsCanvas__AttachBitmap
                0x900ff724       0x48 ./Obj/Graphics.o
                0x900ff724                GraphicsCanvas__AttachBitmap
 .text.GraphicsCanvas_DrawRoundedShadow
                0x900ff76c       0x74 ./Obj/Graphics.o
                0x900ff76c                GraphicsCanvas_DrawRoundedShadow
 .text.GraphicsCanvas_DrawRoundedBorder
                0x900ff7e0       0x80 ./Obj/Graphics.o
                0x900ff7e0                GraphicsCanvas_DrawRoundedBorder
 .text.GraphicsCanvas_FillRoundedRectangle
                0x900ff860       0x7c ./Obj/Graphics.o
                0x900ff860                GraphicsCanvas_FillRoundedRectangle
 .text.GraphicsCanvas_DrawText